=== Comprehensive Benchmark Suite ===
Sizes: 1 256 512 1024 MB  |  Iterations: 100  |  RUSTFLAGS: -C target-cpu=native
Results: /home/mjc/projects/sftp-s3-rs/benchmark_results


══════════════════════════════════════════════
CONFIG: 1_russh-main_sftp-master
  russh=main  russh-sftp=master
══════════════════════════════════════════════
  Switching russh -> main ...
  Switching russh-sftp -> master ...
  Building sftp-s3-rs with target-cpu=native ...
warning: unused variable: `sec`
  --> /home/mjc/projects/russh/russh/src/keys/format/pkcs5.rs:18:13
   |
18 |         let sec = match enc {
   |             ^^^ help: if this is intentional, prefix it with an underscore: `_sec`
   |
   = note: `#[warn(unused_variables)]` (part of `#[warn(unused)]`) on by default

warning: unused import: `Bytes`
 --> src/scp_handler.rs:4:13
  |
4 | use bytes::{Bytes, BytesMut};
  |             ^^^^^
  |
  = note: `#[warn(unused_imports)]` (part of `#[warn(unused)]`) on by default

error[E0053]: method `close` has an incompatible type for trait
   --> src/sftp_handler.rs:100:48
    |
100 |     async fn close(&mut self, id: u32, handle: Bytes) -> Result<Status, Self::Error> {
    |                                                ^^^^^ expected `std::string::String`, found `bytes::Bytes`
    |
    = note: expected signature `fn(&mut SftpHandler<_>, _, std::string::String) -> _`
               found signature `fn(&mut SftpHandler<_>, _, bytes::Bytes) -> _`
help: change the parameter type to match the trait
    |
100 -     async fn close(&mut self, id: u32, handle: Bytes) -> Result<Status, Self::Error> {
100 +     async fn close(&mut self, id: u32, handle: std::string::String) -> Result<Status, Self::Error> {
    |

error[E0053]: method `readdir` has an incompatible type for trait
   --> src/sftp_handler.rs:133:50
    |
133 |     async fn readdir(&mut self, id: u32, handle: Bytes) -> Result<Name, Self::Error> {
    |                                                  ^^^^^ expected `std::string::String`, found `bytes::Bytes`
    |
    = note: expected signature `fn(&mut SftpHandler<_>, _, std::string::String) -> _`
               found signature `fn(&mut SftpHandler<_>, _, bytes::Bytes) -> _`
help: change the parameter type to match the trait
    |
133 -     async fn readdir(&mut self, id: u32, handle: Bytes) -> Result<Name, Self::Error> {
133 +     async fn readdir(&mut self, id: u32, handle: std::string::String) -> Result<Name, Self::Error> {
    |

error[E0053]: method `read` has an incompatible type for trait
   --> src/sftp_handler.rs:216:17
    |
216 |         handle: Bytes,
    |                 ^^^^^ expected `std::string::String`, found `bytes::Bytes`
    |
    = note: expected signature `fn(&mut SftpHandler<_>, _, std::string::String, _, _) -> _`
               found signature `fn(&mut SftpHandler<_>, _, bytes::Bytes, _, _) -> _`
help: change the parameter type to match the trait
    |
216 -         handle: Bytes,
216 +         handle: std::string::String,
    |

error[E0053]: method `write` has an incompatible type for trait
   --> src/sftp_handler.rs:243:17
    |
243 |         handle: Bytes,
    |                 ^^^^^ expected `std::string::String`, found `bytes::Bytes`
    |
    = note: expected signature `fn(&mut SftpHandler<_>, _, std::string::String, _, Vec<u8>) -> _`
               found signature `fn(&mut SftpHandler<_>, _, bytes::Bytes, _, bytes::Bytes) -> _`
help: change the parameter type to match the trait
    |
243 -         handle: Bytes,
243 +         handle: std::string::String,
    |

error[E0053]: method `fstat` has an incompatible type for trait
   --> src/sftp_handler.rs:285:48
    |
285 |     async fn fstat(&mut self, id: u32, handle: Bytes) -> Result<Attrs, Self::Error> {
    |                                                ^^^^^ expected `std::string::String`, found `bytes::Bytes`
    |
    = note: expected signature `fn(&mut SftpHandler<_>, _, std::string::String) -> _`
               found signature `fn(&mut SftpHandler<_>, _, bytes::Bytes) -> _`
help: change the parameter type to match the trait
    |
285 -     async fn fstat(&mut self, id: u32, handle: Bytes) -> Result<Attrs, Self::Error> {
285 +     async fn fstat(&mut self, id: u32, handle: std::string::String) -> Result<Attrs, Self::Error> {
    |

error[E0053]: method `fsetstat` has an incompatible type for trait
   --> src/sftp_handler.rs:397:18
    |
397 |         _handle: Bytes,
    |                  ^^^^^ expected `std::string::String`, found `bytes::Bytes`
    |
    = note: expected signature `fn(&mut SftpHandler<_>, _, std::string::String, FileAttributes) -> _`
               found signature `fn(&mut SftpHandler<_>, _, bytes::Bytes, FileAttributes) -> _`
help: change the parameter type to match the trait
    |
397 -         _handle: Bytes,
397 +         _handle: std::string::String,
    |

error[E0308]: mismatched types
   --> src/sftp_handler.rs:236:23
    |
236 |         Ok(Data { id, data })
    |                       ^^^^ expected `Vec<u8>`, found `Bytes`
    |
    = note: expected struct `Vec<u8>`
               found struct `bytes::Bytes`
help: try using a conversion method
    |
236 |         Ok(Data { id, data: data.to_vec() })
    |                       +++++     +++++++++

Some errors have detailed explanations: E0053, E0308.
For more information about an error, try `rustc --explain E0053`.
error: could not compile `sftp-s3` (lib) due to 7 previous errors; 1 warning emitted
